// Jest Snapshot v1, https://goo.gl/fbAQLP

exports[`<Heading /> Should render Heading with correct initial styles 1`] = `
.c0 {
  font-family: SegoeUI;
  font-size: 20px;
  font-weight: 600;
  line-height: 28px;
  color: rgb(0,0,0);
}

<h2
  class="c0"
  color="primary"
>
  text_content
</h2>
`;
