// Jest Snapshot v1, https://goo.gl/fbAQLP

exports[`<Button /> Should render button with correct text content 1`] = `
.c0 {
  font-size: 14px;
  font-weight: 400;
  line-height: 20px;
  box-shadow: 0 0 2px 2px rgba(0,0,0,0.06);
  padding: 5px 47px;
  border-radius: 4px;
  -webkit-transition: background-color 0.3s;
  transition: background-color 0.3s;
  color: rgb(255,255,255);
  background-color: rgb(0,95,184);
}

.c0:disabled {
  cursor: not-allowed;
}

.c0:focus {
  outline: 3px solid rgba(0,0,0,0.9);
  border: 1px solid rgb(255,255,255);
}

.c0:hover {
  background-color: rgba(0,95,184,0.9);
}

.c0:active {
  background-color: rgba(0,95,184,0.8);
}

.c0:disabled {
  color: rgb(255,255,255);
  background-color: rgba(0,0,0,0.22);
}

<button
  class="c0"
>
  text
</button>
`;
