// Jest Snapshot v1, https://goo.gl/fbAQLP

exports[`<Text /> Should render Text with correct initial styles 1`] = `
.c0 {
  font-family: SegoeUI;
  font-size: 14px;
  font-weight: 400;
  line-height: 20px;
  color: rgb(0,0,0);
}

<p
  class="c0"
  color="primary"
>
  text_content
</p>
`;
